INFO:    User not listed in /etc/subuid, trying root-mapped namespace
INFO:    Using fakeroot command combined with root-mapped namespace
INFO:    User not listed in /etc/subuid, trying root-mapped namespace
INFO:    User not listed in /etc/subuid, trying root-mapped namespace
INFO:    User not listed in /etc/subuid, trying root-mapped namespace
INFO:    Using fakeroot command combined with root-mapped namespace
INFO:    User not listed in /etc/subuid, trying root-mapped namespace
INFO:    User not listed in /etc/subuid, trying root-mapped namespace
INFO:    Using fakeroot command combined with root-mapped namespace
INFO:    FUSE2FS (3): Warning: Mounting unchecked fs, running e2fsck is recommended.
INFO:    Using fakeroot command combined with root-mapped namespace
INFO:    User not listed in /etc/subuid, trying root-mapped namespace
INFO:    Using fakeroot command combined with root-mapped namespace
INFO:    Using fakeroot command combined with root-mapped namespace
INFO:    Using fakeroot command combined with root-mapped namespace
INFO:    User not listed in /etc/subuid, trying root-mapped namespace
INFO:    Using fakeroot command combined with root-mapped namespace
INFO:    FUSE2FS (3): Warning: Mounting unchecked fs, running e2fsck is recommended.
INFO:    FUSE2FS (3): Warning: Mounting unchecked fs, running e2fsck is recommended.
INFO:    FUSE2FS (3): Warning: Mounting unchecked fs, running e2fsck is recommended.
INFO:    FUSE2FS (3): Warning: Mounting unchecked fs, running e2fsck is recommended.
INFO:    FUSE2FS (3): Warning: Mounting unchecked fs, running e2fsck is recommended.
INFO:    FUSE2FS (3): Warning: Mounting unchecked fs, running e2fsck is recommended.
2026-04-01 13:10:07,932	INFO scripts.py:1124 -- Local node IP: 10.32.36.29
2026-04-01 13:10:10,289	SUCC scripts.py:1140 -- --------------------
2026-04-01 13:10:10,289	SUCC scripts.py:1141 -- Ray runtime started.
2026-04-01 13:10:10,289	SUCC scripts.py:1142 -- --------------------
2026-04-01 13:10:10,289	INFO scripts.py:1144 -- To terminate the Ray runtime, run
2026-04-01 13:10:10,289	INFO scripts.py:1145 --   ray stop
2026-04-01 13:10:10,289	INFO scripts.py:1155 -- --block
2026-04-01 13:10:10,289	INFO scripts.py:1156 -- This command will now block forever until terminated by a signal.
2026-04-01 13:10:10,289	INFO scripts.py:1159 -- Running subprocesses are monitored and a message will be printed if any of them terminate unexpectedly. Subprocesses exit with SIGTERM will be treated as graceful, thus NOT reported.
2026-04-01 13:10:10,289	INFO scripts.py:1164 -- Process exit logs will be saved to: /state/partition1/job-5246233/ray/session_2026-04-01_13-01-25_185853_4048010/logs/ray_process_exit.log
2026-04-01 13:10:07,966	INFO scripts.py:1124 -- Local node IP: 10.32.36.28
2026-04-01 13:10:10,323	SUCC scripts.py:1140 -- --------------------
2026-04-01 13:10:10,323	SUCC scripts.py:1141 -- Ray runtime started.
2026-04-01 13:10:10,323	SUCC scripts.py:1142 -- --------------------
2026-04-01 13:10:10,323	INFO scripts.py:1144 -- To terminate the Ray runtime, run
2026-04-01 13:10:10,323	INFO scripts.py:1145 --   ray stop
2026-04-01 13:10:10,323	INFO scripts.py:1155 -- --block
2026-04-01 13:10:10,323	INFO scripts.py:1156 -- This command will now block forever until terminated by a signal.
2026-04-01 13:10:10,323	INFO scripts.py:1159 -- Running subprocesses are monitored and a message will be printed if any of them terminate unexpectedly. Subprocesses exit with SIGTERM will be treated as graceful, thus NOT reported.
2026-04-01 13:10:10,323	INFO scripts.py:1164 -- Process exit logs will be saved to: /state/partition1/job-5246233/ray/session_2026-04-01_13-01-25_185853_4048010/logs/ray_process_exit.log
2026-04-01 13:10:11,446	INFO scripts.py:1124 -- Local node IP: 10.32.36.189
2026-04-01 13:10:16,909	SUCC scripts.py:1140 -- --------------------
2026-04-01 13:10:16,909	SUCC scripts.py:1141 -- Ray runtime started.
2026-04-01 13:10:16,909	SUCC scripts.py:1142 -- --------------------
2026-04-01 13:10:16,909	INFO scripts.py:1144 -- To terminate the Ray runtime, run
2026-04-01 13:10:16,909	INFO scripts.py:1145 --   ray stop
2026-04-01 13:10:16,909	INFO scripts.py:1155 -- --block
2026-04-01 13:10:16,909	INFO scripts.py:1156 -- This command will now block forever until terminated by a signal.
2026-04-01 13:10:16,909	INFO scripts.py:1159 -- Running subprocesses are monitored and a message will be printed if any of them terminate unexpectedly. Subprocesses exit with SIGTERM will be treated as graceful, thus NOT reported.
2026-04-01 13:10:16,909	INFO scripts.py:1164 -- Process exit logs will be saved to: /state/partition1/job-5246233/ray/session_2026-04-01_13-01-25_185853_4048010/logs/ray_process_exit.log
2026-04-01 13:10:11,543	INFO scripts.py:1124 -- Local node IP: 10.32.36.191
2026-04-01 13:10:17,043	SUCC scripts.py:1140 -- --------------------
2026-04-01 13:10:17,044	SUCC scripts.py:1141 -- Ray runtime started.
2026-04-01 13:10:17,044	SUCC scripts.py:1142 -- --------------------
2026-04-01 13:10:17,044	INFO scripts.py:1144 -- To terminate the Ray runtime, run
2026-04-01 13:10:17,044	INFO scripts.py:1145 --   ray stop
2026-04-01 13:10:17,044	INFO scripts.py:1155 -- --block
2026-04-01 13:10:17,044	INFO scripts.py:1156 -- This command will now block forever until terminated by a signal.
2026-04-01 13:10:17,044	INFO scripts.py:1159 -- Running subprocesses are monitored and a message will be printed if any of them terminate unexpectedly. Subprocesses exit with SIGTERM will be treated as graceful, thus NOT reported.
2026-04-01 13:10:17,044	INFO scripts.py:1164 -- Process exit logs will be saved to: /state/partition1/job-5246233/ray/session_2026-04-01_13-01-25_185853_4048010/logs/ray_process_exit.log
2026-04-01 13:10:11,872	INFO scripts.py:1124 -- Local node IP: 10.32.36.186
2026-04-01 13:10:17,371	SUCC scripts.py:1140 -- --------------------
2026-04-01 13:10:17,371	SUCC scripts.py:1141 -- Ray runtime started.
2026-04-01 13:10:17,371	SUCC scripts.py:1142 -- --------------------
2026-04-01 13:10:17,371	INFO scripts.py:1144 -- To terminate the Ray runtime, run
2026-04-01 13:10:17,371	INFO scripts.py:1145 --   ray stop
2026-04-01 13:10:17,371	INFO scripts.py:1155 -- --block
2026-04-01 13:10:17,371	INFO scripts.py:1156 -- This command will now block forever until terminated by a signal.
2026-04-01 13:10:17,371	INFO scripts.py:1159 -- Running subprocesses are monitored and a message will be printed if any of them terminate unexpectedly. Subprocesses exit with SIGTERM will be treated as graceful, thus NOT reported.
2026-04-01 13:10:17,371	INFO scripts.py:1164 -- Process exit logs will be saved to: /state/partition1/job-5246233/ray/session_2026-04-01_13-01-25_185853_4048010/logs/ray_process_exit.log
2026-04-01 13:10:12,832	INFO scripts.py:1124 -- Local node IP: 10.32.36.190
2026-04-01 13:10:18,362	SUCC scripts.py:1140 -- --------------------
2026-04-01 13:10:18,362	SUCC scripts.py:1141 -- Ray runtime started.
2026-04-01 13:10:18,362	SUCC scripts.py:1142 -- --------------------
2026-04-01 13:10:18,362	INFO scripts.py:1144 -- To terminate the Ray runtime, run
2026-04-01 13:10:18,362	INFO scripts.py:1145 --   ray stop
2026-04-01 13:10:18,362	INFO scripts.py:1155 -- --block
2026-04-01 13:10:18,362	INFO scripts.py:1156 -- This command will now block forever until terminated by a signal.
2026-04-01 13:10:18,362	INFO scripts.py:1159 -- Running subprocesses are monitored and a message will be printed if any of them terminate unexpectedly. Subprocesses exit with SIGTERM will be treated as graceful, thus NOT reported.
2026-04-01 13:10:18,362	INFO scripts.py:1164 -- Process exit logs will be saved to: /state/partition1/job-5246233/ray/session_2026-04-01_13-01-25_185853_4048010/logs/ray_process_exit.log
2026-04-01 13:10:13,299	INFO scripts.py:1124 -- Local node IP: 10.32.36.187
2026-04-01 13:10:18,841	SUCC scripts.py:1140 -- --------------------
2026-04-01 13:10:18,841	SUCC scripts.py:1141 -- Ray runtime started.
2026-04-01 13:10:18,841	SUCC scripts.py:1142 -- --------------------
2026-04-01 13:10:18,841	INFO scripts.py:1144 -- To terminate the Ray runtime, run
2026-04-01 13:10:18,841	INFO scripts.py:1145 --   ray stop
2026-04-01 13:10:18,841	INFO scripts.py:1155 -- --block
2026-04-01 13:10:18,841	INFO scripts.py:1156 -- This command will now block forever until terminated by a signal.
2026-04-01 13:10:18,842	INFO scripts.py:1159 -- Running subprocesses are monitored and a message will be printed if any of them terminate unexpectedly. Subprocesses exit with SIGTERM will be treated as graceful, thus NOT reported.
2026-04-01 13:10:18,842	INFO scripts.py:1164 -- Process exit logs will be saved to: /state/partition1/job-5246233/ray/session_2026-04-01_13-01-25_185853_4048010/logs/ray_process_exit.log
2026-04-01 13:10:13,616	INFO scripts.py:1124 -- Local node IP: 10.32.36.188
2026-04-01 13:10:19,087	SUCC scripts.py:1140 -- --------------------
2026-04-01 13:10:19,088	SUCC scripts.py:1141 -- Ray runtime started.
2026-04-01 13:10:19,088	SUCC scripts.py:1142 -- --------------------
2026-04-01 13:10:19,088	INFO scripts.py:1144 -- To terminate the Ray runtime, run
2026-04-01 13:10:19,088	INFO scripts.py:1145 --   ray stop
2026-04-01 13:10:19,088	INFO scripts.py:1155 -- --block
2026-04-01 13:10:19,088	INFO scripts.py:1156 -- This command will now block forever until terminated by a signal.
2026-04-01 13:10:19,088	INFO scripts.py:1159 -- Running subprocesses are monitored and a message will be printed if any of them terminate unexpectedly. Subprocesses exit with SIGTERM will be treated as graceful, thus NOT reported.
2026-04-01 13:10:19,088	INFO scripts.py:1164 -- Process exit logs will be saved to: /state/partition1/job-5246233/ray/session_2026-04-01_13-01-25_185853_4048010/logs/ray_process_exit.log
srun: Job step aborted: Waiting up to 32 seconds for job step to finish.
[2026-04-01T14:39:33.108] error: *** JOB 5247553 ON cl011 CANCELLED AT 2026-04-01T14:39:33 DUE to SIGNAL Terminated ***
[2026-04-01T14:39:33.109] error: *** STEP 5247553.0 ON cl011 CANCELLED AT 2026-04-01T14:39:33 DUE to SIGNAL Terminated ***
