INFO:    User not listed in /etc/subuid, trying root-mapped namespace
INFO:    User not listed in /etc/subuid, trying root-mapped namespace
INFO:    User not listed in /etc/subuid, trying root-mapped namespace
INFO:    User not listed in /etc/subuid, trying root-mapped namespace
INFO:    User not listed in /etc/subuid, trying root-mapped namespace
INFO:    User not listed in /etc/subuid, trying root-mapped namespace
INFO:    User not listed in /etc/subuid, trying root-mapped namespace
INFO:    Using fakeroot command combined with root-mapped namespace
INFO:    Using fakeroot command combined with root-mapped namespace
INFO:    User not listed in /etc/subuid, trying root-mapped namespace
INFO:    Using fakeroot command combined with root-mapped namespace
INFO:    Using fakeroot command combined with root-mapped namespace
INFO:    Using fakeroot command combined with root-mapped namespace
INFO:    Using fakeroot command combined with root-mapped namespace
INFO:    Using fakeroot command combined with root-mapped namespace
INFO:    Using fakeroot command combined with root-mapped namespace
INFO:    FUSE2FS (3): Warning: Mounting unchecked fs, running e2fsck is recommended.
INFO:    FUSE2FS (3): Warning: Mounting unchecked fs, running e2fsck is recommended.
INFO:    FUSE2FS (3): Warning: Mounting unchecked fs, running e2fsck is recommended.
[Worker 3] connected to coordinator at 10.32.36.25:5555
[Worker 3] init start  node=cs756.hpc.nyu.edu
[Worker 3] shard=[525,757,770, 701,010,360)  n=175,252,590
[Worker 0] connected to coordinator at 10.32.36.25:5555
[Worker 0] init start  node=cs672.hpc.nyu.edu
[Worker 0] shard=[0, 175,252,590)  n=175,252,590
[Worker 2] connected to coordinator at 10.32.36.25:5555
[Worker 2] init start  node=cs714.hpc.nyu.edu
[Worker 2] shard=[350,505,180, 525,757,770)  n=175,252,590
[Worker 6] connected to coordinator at 10.32.36.25:5555
[Worker 6] init start  node=cs776.hpc.nyu.edu
[Worker 6] shard=[1,051,515,540, 1,226,768,130)  n=175,252,590
[Worker 1] connected to coordinator at 10.32.36.25:5555
[Worker 1] init start  node=cs713.hpc.nyu.edu
[Worker 1] shard=[175,252,590, 350,505,180)  n=175,252,590
[Worker 4] connected to coordinator at 10.32.36.25:5555
[Worker 7] connected to coordinator at 10.32.36.25:5555
[Worker 4] init start  node=cs763.hpc.nyu.edu
[Worker 7] init start  node=cs777.hpc.nyu.edu
[Worker 4] shard=[701,010,360, 876,262,950)  n=175,252,590
[Worker 7] shard=[1,226,768,130, 1,402,020,720)  n=175,252,590
[Worker 5] connected to coordinator at 10.32.36.25:5555
[Worker 5] init start  node=cs764.hpc.nyu.edu
[Worker 5] shard=[876,262,950, 1,051,515,540)  n=175,252,590
[Worker 6] init done: 18.18s
[Worker 7] init done: 40.78s
[Worker 3] init done: 44.75s
[Worker 0] init done: 49.52s
[Worker 1] init done: 57.69s
[Worker 4] init done: 78.76s
[Worker 5] init done: 193.62s
[Worker 2] init done: 203.34s
srun: Job step aborted: Waiting up to 32 seconds for job step to finish.
[2026-04-01T11:54:18.609] error: *** JOB 5244390 ON cs672 CANCELLED AT 2026-04-01T11:54:18 DUE to SIGNAL Terminated ***
[2026-04-01T11:54:18.612] error: *** STEP 5244390.0 ON cs672 CANCELLED AT 2026-04-01T11:54:18 DUE to SIGNAL Terminated ***
